// Jest Snapshot v1, https://goo.gl/fbAQLP

exports[`CoffeeTimer renders correctly 1`] = `"<timer-stub second=\\"180\\">test</timer-stub>"`;
